Hello, my name is: Sparky!
Hello, my name is: Barky!
Bark! Bark! Bark!
Bark! Bark! Bark!
