2
2
4
6
6
4
8
12
10
1	1.0
2	4.0
3	9.0
4	16.0
5	25.0
